Archive member included to satisfy reference by file (symbol)

d:/program files (x86)/stm32/stm32cubeide_1.9.0/stm32cubeide/plugins/com.st.stm32cube.ide.mcu.externaltools.gnu-tools-for-stm32.10.3-2021.10.win32_1.0.0.202111181127/tools/bin/../lib/gcc/arm-none-eabi/10.3.1/../../../../arm-none-eabi/lib/thumb/v7e-m+fp/hard\libc_nano.a(lib_a-errno.o)
                              ./Core/Src/syscalls.o (__errno)
d:/program files (x86)/stm32/stm32cubeide_1.9.0/stm32cubeide/plugins/com.st.stm32cube.ide.mcu.externaltools.gnu-tools-for-stm32.10.3-2021.10.win32_1.0.0.202111181127/tools/bin/../lib/gcc/arm-none-eabi/10.3.1/../../../../arm-none-eabi/lib/thumb/v7e-m+fp/hard\libc_nano.a(lib_a-exit.o)
                              d:/program files (x86)/stm32/stm32cubeide_1.9.0/stm32cubeide/plugins/com.st.stm32cube.ide.mcu.externaltools.gnu-tools-for-stm32.10.3-2021.10.win32_1.0.0.202111181127/tools/bin/../lib/gcc/arm-none-eabi/10.3.1/../../../../arm-none-eabi/lib/thumb/v7e-m+fp/hard/crt0.o (exit)
d:/program files (x86)/stm32/stm32cubeide_1.9.0/stm32cubeide/plugins/com.st.stm32cube.ide.mcu.externaltools.gnu-tools-for-stm32.10.3-2021.10.win32_1.0.0.202111181127/tools/bin/../lib/gcc/arm-none-eabi/10.3.1/../../../../arm-none-eabi/lib/thumb/v7e-m+fp/hard\libc_nano.a(lib_a-impure.o)
                              d:/program files (x86)/stm32/stm32cubeide_1.9.0/stm32cubeide/plugins/com.st.stm32cube.ide.mcu.externaltools.gnu-tools-for-stm32.10.3-2021.10.win32_1.0.0.202111181127/tools/bin/../lib/gcc/arm-none-eabi/10.3.1/../../../../arm-none-eabi/lib/thumb/v7e-m+fp/hard\libc_nano.a(lib_a-exit.o) (_global_impure_ptr)
d:/program files (x86)/stm32/stm32cubeide_1.9.0/stm32cubeide/plugins/com.st.stm32cube.ide.mcu.externaltools.gnu-tools-for-stm32.10.3-2021.10.win32_1.0.0.202111181127/tools/bin/../lib/gcc/arm-none-eabi/10.3.1/../../../../arm-none-eabi/lib/thumb/v7e-m+fp/hard\libc_nano.a(lib_a-init.o)
                              d:/program files (x86)/stm32/stm32cubeide_1.9.0/stm32cubeide/plugins/com.st.stm32cube.ide.mcu.externaltools.gnu-tools-for-stm32.10.3-2021.10.win32_1.0.0.202111181127/tools/bin/../lib/gcc/arm-none-eabi/10.3.1/../../../../arm-none-eabi/lib/thumb/v7e-m+fp/hard/crt0.o (__libc_init_array)
d:/program files (x86)/stm32/stm32cubeide_1.9.0/stm32cubeide/plugins/com.st.stm32cube.ide.mcu.externaltools.gnu-tools-for-stm32.10.3-2021.10.win32_1.0.0.202111181127/tools/bin/../lib/gcc/arm-none-eabi/10.3.1/../../../../arm-none-eabi/lib/thumb/v7e-m+fp/hard\libc_nano.a(lib_a-memset.o)
                              d:/program files (x86)/stm32/stm32cubeide_1.9.0/stm32cubeide/plugins/com.st.stm32cube.ide.mcu.externaltools.gnu-tools-for-stm32.10.3-2021.10.win32_1.0.0.202111181127/tools/bin/../lib/gcc/arm-none-eabi/10.3.1/../../../../arm-none-eabi/lib/thumb/v7e-m+fp/hard/crt0.o (memset)
d:/program files (x86)/stm32/stm32cubeide_1.9.0/stm32cubeide/plugins/com.st.stm32cube.ide.mcu.externaltools.gnu-tools-for-stm32.10.3-2021.10.win32_1.0.0.202111181127/tools/bin/../lib/gcc/arm-none-eabi/10.3.1/thumb/v7e-m+fp/hard\libgcc.a(_arm_addsubdf3.o)
                              ./Core/Src/main.o (__aeabi_dadd)
d:/program files (x86)/stm32/stm32cubeide_1.9.0/stm32cubeide/plugins/com.st.stm32cube.ide.mcu.externaltools.gnu-tools-for-stm32.10.3-2021.10.win32_1.0.0.202111181127/tools/bin/../lib/gcc/arm-none-eabi/10.3.1/thumb/v7e-m+fp/hard\libgcc.a(_arm_muldivdf3.o)
                              ./Core/Src/main.o (__aeabi_ddiv)
d:/program files (x86)/stm32/stm32cubeide_1.9.0/stm32cubeide/plugins/com.st.stm32cube.ide.mcu.externaltools.gnu-tools-for-stm32.10.3-2021.10.win32_1.0.0.202111181127/tools/bin/../lib/gcc/arm-none-eabi/10.3.1/thumb/v7e-m+fp/hard\libgcc.a(_arm_truncdfsf2.o)
                              ./Core/Src/main.o (__aeabi_d2f)
d:/program files (x86)/stm32/stm32cubeide_1.9.0/stm32cubeide/plugins/com.st.stm32cube.ide.mcu.externaltools.gnu-tools-for-stm32.10.3-2021.10.win32_1.0.0.202111181127/tools/bin/../lib/gcc/arm-none-eabi/10.3.1/thumb/v7e-m+fp/hard\libgcc.a(_aeabi_uldivmod.o)
                              ./Drivers/STM32F4xx_HAL_Driver/Src/stm32f4xx_hal_rcc.o (__aeabi_uldivmod)
d:/program files (x86)/stm32/stm32cubeide_1.9.0/stm32cubeide/plugins/com.st.stm32cube.ide.mcu.externaltools.gnu-tools-for-stm32.10.3-2021.10.win32_1.0.0.202111181127/tools/bin/../lib/gcc/arm-none-eabi/10.3.1/thumb/v7e-m+fp/hard\libgcc.a(_udivmoddi4.o)
                              d:/program files (x86)/stm32/stm32cubeide_1.9.0/stm32cubeide/plugins/com.st.stm32cube.ide.mcu.externaltools.gnu-tools-for-stm32.10.3-2021.10.win32_1.0.0.202111181127/tools/bin/../lib/gcc/arm-none-eabi/10.3.1/thumb/v7e-m+fp/hard\libgcc.a(_aeabi_uldivmod.o) (__udivmoddi4)
d:/program files (x86)/stm32/stm32cubeide_1.9.0/stm32cubeide/plugins/com.st.stm32cube.ide.mcu.externaltools.gnu-tools-for-stm32.10.3-2021.10.win32_1.0.0.202111181127/tools/bin/../lib/gcc/arm-none-eabi/10.3.1/thumb/v7e-m+fp/hard\libgcc.a(_dvmd_tls.o)
[...]
Memory Configuration

Name             Origin             Length             Attributes
RAM              0x0000000020000000 0x0000000000020000 xrw
FLASH            0x0000000008000000 0x0000000000080000 xr
*default*        0x0000000000000000 0xffffffffffffffff

Linker script and memory map

LOAD d:/program files (x86)/stm32/stm32cubeide_1.9.0/stm32cubeide/plugins/com.st.stm32cube.ide.mcu.externaltools.gnu-tools-for-stm32.10.3-2021.10.win32_1.0.0.202111181127/tools/bin/../lib/gcc/arm-none-eabi/10.3.1/thumb/v7e-m+fp/hard/crti.o
LOAD d:/program files (x86)/stm32/stm32cubeide_1.9.0/stm32cubeide/plugins/com.st.stm32cube.ide.mcu.externaltools.gnu-tools-for-stm32.10.3-2021.10.win32_1.0.0.202111181127/tools/bin/../lib/gcc/arm-none-eabi/10.3.1/thumb/v7e-m+fp/hard/crtbegin.o
LOAD d:/program files (x86)/stm32/stm32cubeide_1.9.0/stm32cubeide/plugins/com.st.stm32cube.ide.mcu.externaltools.gnu-tools-for-stm32.10.3-2021.10.win32_1.0.0.202111181127/tools/bin/../lib/gcc/arm-none-eabi/10.3.1/../../../../arm-none-eabi/lib/thumb/v7e-m+fp/hard/crt0.o
LOAD ./Core/Src/main.o
LOAD ./Core/Src/stm32f4xx_hal_msp.o
LOAD ./Core/Src/stm32f4xx_it.o
LOAD ./Core/Src/syscalls.o
LOAD ./Core/Src/sysmem.o
LOAD ./Core/Src/system_stm32f4xx.o
LOAD ./Core/Startup/startup_stm32f411vetx.o
LOAD ./Drivers/STM32F4xx_HAL_Driver/Src/stm32f4xx_hal.o
LOAD ./Drivers/STM32F4xx_HAL_Driver/Src/stm32f4xx_hal_cortex.o
LOAD ./Drivers/STM32F4xx_HAL_Driver/Src/stm32f4xx_hal_dma.o
LOAD ./Drivers/STM32F4xx_HAL_Driver/Src/stm32f4xx_hal_dma_ex.o
LOAD ./Drivers/STM32F4xx_HAL_Driver/Src/stm32f4xx_hal_exti.o
LOAD ./Drivers/STM32F4xx_HAL_Driver/Src/stm32f4xx_hal_flash.o
LOAD ./Drivers/STM32F4xx_HAL_Driver/Src/stm32f4xx_hal_flash_ex.o
LOAD ./Drivers/STM32F4xx_HAL_Driver/Src/stm32f4xx_hal_flash_ramfunc.o
LOAD ./Drivers/STM32F4xx_HAL_Driver/Src/stm32f4xx_hal_gpio.o
LOAD ./Drivers/STM32F4xx_HAL_Driver/Src/stm32f4xx_hal_i2c.o
LOAD ./Drivers/STM32F4xx_HAL_Driver/Src/stm32f4xx_hal_i2c_ex.o
LOAD ./Drivers/STM32F4xx_HAL_Driver/Src/stm32f4xx_hal_pwr.o
LOAD ./Drivers/STM32F4xx_HAL_Driver/Src/stm32f4xx_hal_pwr_ex.o
LOAD ./Drivers/STM32F4xx_HAL_Driver/Src/stm32f4xx_hal_rcc.o
LOAD ./Drivers/STM32F4xx_HAL_Driver/Src/stm32f4xx_hal_rcc_ex.o
LOAD ./Drivers/STM32F4xx_HAL_Driver/Src/stm32f4xx_hal_tim.o
LOAD ./Drivers/STM32F4xx_HAL_Driver/Src/stm32f4xx_hal_tim_ex.o
START GROUP
LOAD d:/program files (x86)/stm32/stm32cubeide_1.9.0/stm32cubeide/plugins/com.st.stm32cube.ide.mcu.externaltools.gnu-tools-for-stm32.10.3-2021.10.win32_1.0.0.202111181127/tools/bin/../lib/gcc/arm-none-eabi/10.3.1/../../../../arm-none-eabi/lib/thumb/v7e-m+fp/hard\libc_nano.a
LOAD d:/program files (x86)/stm32/stm32cubeide_1.9.0/stm32cubeide/plugins/com.st.stm32cube.ide.mcu.externaltools.gnu-tools-for-stm32.10.3-2021.10.win32_1.0.0.202111181127/tools/bin/../lib/gcc/arm-none-eabi/10.3.1/../../../../arm-none-eabi/lib/thumb/v7e-m+fp/hard\libm.a
END GROUP
START GROUP
LOAD d:/program files (x86)/stm32/stm32cubeide_1.9.0/stm32cubeide/plugins/com.st.stm32cube.ide.mcu.externaltools.gnu-tools-for-stm32.10.3-2021.10.win32_1.0.0.202111181127/tools/bin/../lib/gcc/arm-none-eabi/10.3.1/thumb/v7e-m+fp/hard\libgcc.a
LOAD d:/program files (x86)/stm32/stm32cubeide_1.9.0/stm32cubeide/plugins/com.st.stm32cube.ide.mcu.externaltools.gnu-tools-for-stm32.10.3-2021.10.win32_1.0.0.202111181127/tools/bin/../lib/gcc/arm-none-eabi/10.3.1/../../../../arm-none-eabi/lib/thumb/v7e-m+fp/hard\libc_nano.a
END GROUP
START GROUP
LOAD d:/program files (x86)/stm32/stm32cubeide_1.9.0/stm32cubeide/plugins/com.st.stm32cube.ide.mcu.externaltools.gnu-tools-for-stm32.10.3-2021.10.win32_1.0.0.202111181127/tools/bin/../lib/gcc/arm-none-eabi/10.3.1/thumb/v7e-m+fp/hard\libgcc.a
LOAD d:/program files (x86)/stm32/stm32cubeide_1.9.0/stm32cubeide/plugins/com.st.stm32cube.ide.mcu.externaltools.gnu-tools-for-stm32.10.3-2021.10.win32_1.0.0.202111181127/tools/bin/../lib/gcc/arm-none-eabi/10.3.1/../../../../arm-none-eabi/lib/thumb/v7e-m+fp/hard\libc_nano.a
LOAD d:/program files (x86)/stm32/stm32cubeide_1.9.0/stm32cubeide/plugins/com.st.stm32cube.ide.mcu.externaltools.gnu-tools-for-stm32.10.3-2021.10.win32_1.0.0.202111181127/tools/bin/../lib/gcc/arm-none-eabi/10.3.1/../../../../arm-none-eabi/lib/thumb/v7e-m+fp/hard\libnosys.a
END GROUP
START GROUP
LOAD d:/program files (x86)/stm32/stm32cubeide_1.9.0/stm32cubeide/plugins/com.st.stm32cube.ide.mcu.externaltools.gnu-tools-for-stm32.10.3-2021.10.win32_1.0.0.202111181127/tools/bin/../lib/gcc/arm-none-eabi/10.3.1/thumb/v7e-m+fp/hard\libgcc.a
LOAD d:/program files (x86)/stm32/stm32cubeide_1.9.0/stm32cubeide/plugins/com.st.stm32cube.ide.mcu.externaltools.gnu-tools-for-stm32.10.3-2021.10.win32_1.0.0.202111181127/tools/bin/../lib/gcc/arm-none-eabi/10.3.1/../../../../arm-none-eabi/lib/thumb/v7e-m+fp/hard\libc_nano.a
LOAD d:/program files (x86)/stm32/stm32cubeide_1.9.0/stm32cubeide/plugins/com.st.stm32cube.ide.mcu.externaltools.gnu-tools-for-stm32.10.3-2021.10.win32_1.0.0.202111181127/tools/bin/../lib/gcc/arm-none-eabi/10.3.1/../../../../arm-none-eabi/lib/thumb/v7e-m+fp/hard\libnosys.a
END GROUP
LOAD d:/program files (x86)/stm32/stm32cubeide_1.9.0/stm32cubeide/plugins/com.st.stm32cube.ide.mcu.externaltools.gnu-tools-for-stm32.10.3-2021.10.win32_1.0.0.202111181127/tools/bin/../lib/gcc/arm-none-eabi/10.3.1/thumb/v7e-m+fp/hard/crtend.o
LOAD d:/program files (x86)/stm32/stm32cubeide_1.9.0/stm32cubeide/plugins/com.st.stm32cube.ide.mcu.externaltools.gnu-tools-for-stm32.10.3-2021.10.win32_1.0.0.202111181127/tools/bin/../lib/gcc/arm-none-eabi/10.3.1/thumb/v7e-m+fp/hard/crtn.o
                0x0000000020020000                _estack = (ORIGIN (RAM) + LENGTH (RAM))
                0x0000000000000200                _Min_Heap_Size = 0x200
                0x0000000000000400                _Min_Stack_Size = 0x400

.isr_vector     0x0000000008000000      0x198
                0x0000000008000000                . = ALIGN (0x4)
 *(.isr_vector)
 .isr_vector    0x0000000008000000      0x198 ./Core/Startup/startup_stm32f411vetx.o
                0x0000000008000000                g_pfnVectors
                0x0000000008000198                . = ALIGN (0x4)

.text           0x0000000008000198     0x11a0
                0x0000000008000198                . = ALIGN (0x4)
 *(.text)
 .text          0x0000000008000198       0x40 d:/program files (x86)/stm32/stm32cubeide_1.9.0/stm32cubeide/plugins/com.st.stm32cube.ide.mcu.externaltools.gnu-tools-for-stm32.10.3-2021.10.win32_1.0.0.202111181127/tools/bin/../lib/gcc/arm-none-eabi/10.3.1/thumb/v7e-m+fp/hard/crtbegin.o
 .text          0x00000000080001d8      0x378 d:/program files (x86)/stm32/stm32cubeide_1.9.0/stm32cubeide/plugins/com.st.stm32cube.ide.mcu.externaltools.gnu-tools-for-stm32.10.3-2021.10.win32_1.0.0.202111181127/tools/bin/../lib/gcc/arm-none-eabi/10.3.1/thumb/v7e-m+fp/hard\libgcc.a(_arm_addsubdf3.o)
                0x00000000080001d8                __aeabi_drsub
                0x00000000080001e0                __aeabi_dsub
                0x00000000080001e0                __subdf3
                0x00000000080001e4                __aeabi_dadd
                0x00000000080001e4                __adddf3
                0x000000000800045c                __floatunsidf
                0x000000000800045c                __aeabi_ui2d
                0x000000000800047c                __floatsidf
                0x000000000800047c                __aeabi_i2d
                0x00000000080004a0                __aeabi_f2d
                0x00000000080004a0                __extendsfdf2
                0x00000000080004e4                __floatundidf
                0x00000000080004e4                __aeabi_ul2d
                0x00000000080004f4                __floatdidf
                0x00000000080004f4                __aeabi_l2d
 .text          0x0000000008000550      0x424 d:/program files (x86)/stm32/stm32cubeide_1.9.0/stm32cubeide/plugins/com.st.stm32cube.ide.mcu.externaltools.gnu-tools-for-stm32.10.3-2021.10.win32_1.0.0.202111181127/tools/bin/../lib/gcc/arm-none-eabi/10.3.1/thumb/v7e-m+fp/hard\libgcc.a(_arm_muldivdf3.o)
                0x0000000008000550                __aeabi_dmul
                0x0000000008000550                __muldf3
                0x00000000080007a4                __divdf3
                0x00000000080007a4                __aeabi_ddiv
 .text          0x0000000008000974       0xa0 d:/program files (x86)/stm32/stm32cubeide_1.9.0/stm32cubeide/plugins/com.st.stm32cube.ide.mcu.externaltools.gnu-tools-for-stm32.10.3-2021.10.win32_1.0.0.202111181127/tools/bin/../lib/gcc/arm-none-eabi/10.3.1/thumb/v7e-m+fp/hard\libgcc.a(_arm_truncdfsf2.o)
                0x0000000008000974                __truncdfsf2
                0x0000000008000974                __aeabi_d2f
 *(.text*)
 .text.SystemClock_Config
                0x0000000008000a14       0xa8 ./Core/Src/main.o
                0x0000000008000a14                SystemClock_Config
 .text.TIM5Config
                0x0000000008000abc       0x4c ./Core/Src/main.o
                0x0000000008000abc                TIM5Config
 .text.Delay_us
                0x0000000008000b08       0x30 ./Core/Src/main.o
                0x0000000008000b08                Delay_us
 .text.Delay_ms
                0x0000000008000b38       0x30 ./Core/Src/main.o
                0x0000000008000b38                Delay_ms
 .text.I2C_Config
                0x0000000008000b68       0xb8 ./Core/Src/main.o
                0x0000000008000b68                I2C_Config
 .text.I2C_Start
                0x0000000008000c20       0x3c ./Core/Src/main.o
                0x0000000008000c20                I2C_Start
 .text.I2C_Write
                0x0000000008000c5c       0x40 ./Core/Src/main.o
                0x0000000008000c5c                I2C_Write
 .text.I2C_Address
                0x0000000008000c9c       0x40 ./Core/Src/main.o
                0x0000000008000c9c                I2C_Address
 .text.I2C_Stop
                0x0000000008000cdc       0x20 ./Core/Src/main.o
                0x0000000008000cdc                I2C_Stop
 .text.I2C_Read
                0x0000000008000cfc      0x14c ./Core/Src/main.o
                0x0000000008000cfc                I2C_Read
 .text.MPU_Write
                0x0000000008000e48       0x3a ./Core/Src/main.o
                0x0000000008000e48                MPU_Write
 .text.MPU_Read
                0x0000000008000e82       0x4a ./Core/Src/main.o
                0x0000000008000e82                MPU_Read
 .text.MPU9250_Init
                0x0000000008000ecc       0x60 ./Core/Src/main.o
                0x0000000008000ecc                MPU9250_Init
 .text.MPU9250_Read_Accel
                0x0000000008000f2c       0xd8 ./Core/Src/main.o
                0x0000000008000f2c                MPU9250_Read_Accel
 .text.MPU9250_Read_Gyro
                0x0000000008001004       0xcc ./Core/Src/main.o
                0x0000000008001004                MPU9250_Read_Gyro
 .text.MPU9250_Read_Temp
                0x00000000080010d0       0x7c ./Core/Src/main.o
                0x00000000080010d0                MPU9250_Read_Temp
 .text.main     0x000000000800114c       0x88 ./Core/Src/main.o
                0x000000000800114c                main
 .text.NMI_Handler
                0x00000000080011d4        0x6 ./Core/Src/stm32f4xx_it.o
                0x00000000080011d4                NMI_Handler
 .text.HardFault_Handler
                0x00000000080011da        0x6 ./Core/Src/stm32f4xx_it.o
                0x00000000080011da                HardFault_Handler
 .text.MemManage_Handler
                0x00000000080011e0        0x6 ./Core/Src/stm32f4xx_it.o
                0x00000000080011e0                MemManage_Handler
 .text.BusFault_Handler
                0x00000000080011e6        0x6 ./Core/Src/stm32f4xx_it.o
                0x00000000080011e6                BusFault_Handler
 .text.UsageFault_Handler
                0x00000000080011ec        0x6 ./Core/Src/stm32f4xx_it.o
                0x00000000080011ec                UsageFault_Handler
 .text.SVC_Handler
                0x00000000080011f2        0xe ./Core/Src/stm32f4xx_it.o
                0x00000000080011f2                SVC_Handler
 .text.DebugMon_Handler
                0x0000000008001200        0xe ./Core/Src/stm32f4xx_it.o
                0x0000000008001200                DebugMon_Handler
 .text.PendSV_Handler
                0x000000000800120e        0xe ./Core/Src/stm32f4xx_it.o
                0x000000000800120e                PendSV_Handler
 .text.SysTick_Handler
                0x000000000800121c        0xc ./Core/Src/stm32f4xx_it.o
                0x000000000800121c                SysTick_Handler
 .text.SystemInit
                0x0000000008001228       0x24 ./Core/Src/system_stm32f4xx.o
                0x0000000008001228                SystemInit
 .text.Reset_Handler
                0x000000000800124c       0x50 ./Core/Startup/startup_stm32f411vetx.o
                0x000000000800124c                Reset_Handler
 .text.Default_Handler
                0x000000000800129c        0x2 ./Core/Startup/startup_stm32f411vetx.o
                0x000000000800129c                RTC_Alarm_IRQHandler
                0x000000000800129c                EXTI2_IRQHandler
                0x000000000800129c                SPI4_IRQHandler
                0x000000000800129c                TIM1_CC_IRQHandler
                0x000000000800129c                DMA2_Stream5_IRQHandler
                0x000000000800129c                DMA1_Stream5_IRQHandler
                0x000000000800129c                PVD_IRQHandler
                0x000000000800129c                SDIO_IRQHandler
                0x000000000800129c                TAMP_STAMP_IRQHandler
                0x000000000800129c                EXTI3_IRQHandler
                0x000000000800129c                TIM1_UP_TIM10_IRQHandler
                0x000000000800129c                I2C3_ER_IRQHandler
                0x000000000800129c                EXTI0_IRQHandler
                0x000000000800129c                I2C2_EV_IRQHandler
                0x000000000800129c                DMA1_Stream2_IRQHandler
                0x000000000800129c                FPU_IRQHandler
                0x000000000800129c                DMA2_Stream2_IRQHandler
                0x000000000800129c                SPI1_IRQHandler
                0x000000000800129c                TIM1_BRK_TIM9_IRQHandler
                0x000000000800129c                DMA2_Stream3_IRQHandler
                0x000000000800129c                USART6_IRQHandler
                0x000000000800129c                DMA2_Stream0_IRQHandler
                0x000000000800129c                TIM4_IRQHandler
                0x000000000800129c                I2C1_EV_IRQHandler
                0x000000000800129c                DMA1_Stream6_IRQHandler
                0x000000000800129c                DMA1_Stream1_IRQHandler
                0x000000000800129c                TIM3_IRQHandler
                0x000000000800129c                RCC_IRQHandler
                0x000000000800129c                Default_Handler
                0x000000000800129c                EXTI15_10_IRQHandler
                0x000000000800129c                ADC_IRQHandler
                0x000000000800129c                DMA1_Stream7_IRQHandler
                0x000000000800129c                SPI5_IRQHandler
                0x000000000800129c                TIM5_IRQHandler
                0x000000000800129c                DMA2_Stream7_IRQHandler
                0x000000000800129c                I2C3_EV_IRQHandler
                0x000000000800129c                EXTI9_5_IRQHandler
                0x000000000800129c                RTC_WKUP_IRQHandler
                0x000000000800129c                SPI2_IRQHandler
                0x000000000800129c                DMA1_Stream0_IRQHandler
                0x000000000800129c                EXTI4_IRQHandler
                0x000000000800129c                WWDG_IRQHandler
                0x000000000800129c                TIM2_IRQHandler
                0x000000000800129c                OTG_FS_WKUP_IRQHandler
                0x000000000800129c                TIM1_TRG_COM_TIM11_IRQHandler
                0x000000000800129c                EXTI1_IRQHandler
                0x000000000800129c                USART2_IRQHandler
                0x000000000800129c                I2C2_ER_IRQHandler
                0x000000000800129c                DMA2_Stream1_IRQHandler
                0x000000000800129c                FLASH_IRQHandler
                0x000000000800129c                DMA2_Stream4_IRQHandler
                0x000000000800129c                USART1_IRQHandler
                0x000000000800129c                OTG_FS_IRQHandler
                0x000000000800129c                SPI3_IRQHandler
                0x000000000800129c                DMA1_Stream4_IRQHandler
                0x000000000800129c                I2C1_ER_IRQHandler
                0x000000000800129c                DMA2_Stream6_IRQHandler
                0x000000000800129c                DMA1_Stream3_IRQHandler
 *fill*         0x000000000800129e        0x2 
 .text.HAL_IncTick
                0x00000000080012a0       0x28 ./Drivers/STM32F4xx_HAL_Driver/Src/stm32f4xx_hal.o
                0x00000000080012a0                HAL_IncTick
 .text.__libc_init_array
                0x00000000080012c8       0x48 d:/program files (x86)/stm32/stm32cubeide_1.9.0/stm32cubeide/plugins/com.st.stm32cube.ide.mcu.externaltools.gnu-tools-for-stm32.10.3-2021.10.win32_1.0.0.202111181127/tools/bin/../lib/gcc/arm-none-eabi/10.3.1/../../../../arm-none-eabi/lib/thumb/v7e-m+fp/hard\libc_nano.a(lib_a-init.o)
                0x00000000080012c8                __libc_init_array
 .text.memset   0x0000000008001310       0x10 d:/program files (x86)/stm32/stm32cubeide_1.9.0/stm32cubeide/plugins/com.st.stm32cube.ide.mcu.externaltools.gnu-tools-for-stm32.10.3-2021.10.win32_1.0.0.202111181127/tools/bin/../lib/gcc/arm-none-eabi/10.3.1/../../../../arm-none-eabi/lib/thumb/v7e-m+fp/hard\libc_nano.a(lib_a-memset.o)
                0x0000000008001310                memset
 *(.glue_7)
 .glue_7        0x0000000008001320        0x0 linker stubs
 *(.glue_7t)
 .glue_7t       0x0000000008001320        0x0 linker stubs
 *(.eh_frame)
 .eh_frame      0x0000000008001320        0x0 d:/program files (x86)/stm32/stm32cubeide_1.9.0/stm32cubeide/plugins/com.st.stm32cube.ide.mcu.externaltools.gnu-tools-for-stm32.10.3-2021.10.win32_1.0.0.202111181127/tools/bin/../lib/gcc/arm-none-eabi/10.3.1/thumb/v7e-m+fp/hard/crtbegin.o
 *(.init)
 .init          0x0000000008001320        0x4 d:/program files (x86)/stm32/stm32cubeide_1.9.0/stm32cubeide/plugins/com.st.stm32cube.ide.mcu.externaltools.gnu-tools-for-stm32.10.3-2021.10.win32_1.0.0.202111181127/tools/bin/../lib/gcc/arm-none-eabi/10.3.1/thumb/v7e-m+fp/hard/crti.o
                0x0000000008001320                _init
 .init          0x0000000008001324        0x8 d:/program files (x86)/stm32/stm32cubeide_1.9.0/stm32cubeide/plugins/com.st.stm32cube.ide.mcu.externaltools.gnu-tools-for-stm32.10.3-2021.10.win32_1.0.0.202111181127/tools/bin/../lib/gcc/arm-none-eabi/10.3.1/thumb/v7e-m+fp/hard/crtn.o
 *(.fini)
 .fini          0x000000000800132c        0x4 d:/program files (x86)/stm32/stm32cubeide_1.9.0/stm32cubeide/plugins/com.st.stm32cube.ide.mcu.externaltools.gnu-tools-for-stm32.10.3-2021.10.win32_1.0.0.202111181127/tools/bin/../lib/gcc/arm-none-eabi/10.3.1/thumb/v7e-m+fp/hard/crti.o
                0x000000000800132c                _fini
 .fini          0x0000000008001330        0x8 d:/program files (x86)/stm32/stm32cubeide_1.9.0/stm32cubeide/plugins/com.st.stm32cube.ide.mcu.externaltools.gnu-tools-for-stm32.10.3-2021.10.win32_1.0.0.202111181127/tools/bin/../lib/gcc/arm-none-eabi/10.3.1/thumb/v7e-m+fp/hard/crtn.o
                0x0000000008001338                . = ALIGN (0x4)
                0x0000000008001338                _etext = .

.vfp11_veneer   0x0000000008001338        0x0
 .vfp11_veneer  0x0000000008001338        0x0 linker stubs

.v4_bx          0x0000000008001338        0x0
 .v4_bx         0x0000000008001338        0x0 linker stubs

.iplt           0x0000000008001338        0x0
 .iplt          0x0000000008001338        0x0 d:/program files (x86)/stm32/stm32cubeide_1.9.0/stm32cubeide/plugins/com.st.stm32cube.ide.mcu.externaltools.gnu-tools-for-stm32.10.3-2021.10.win32_1.0.0.202111181127/tools/bin/../lib/gcc/arm-none-eabi/10.3.1/thumb/v7e-m+fp/hard/crtbegin.o

.rel.dyn        0x0000000008001338        0x0
 .rel.iplt      0x0000000008001338        0x0 d:/program files (x86)/stm32/stm32cubeide_1.9.0/stm32cubeide/plugins/com.st.stm32cube.ide.mcu.externaltools.gnu-tools-for-stm32.10.3-2021.10.win32_1.0.0.202111181127/tools/bin/../lib/gcc/arm-none-eabi/10.3.1/thumb/v7e-m+fp/hard/crtbegin.o

.rodata         0x0000000008001338        0x0
                0x0000000008001338                . = ALIGN (0x4)
 *(.rodata)
 *(.rodata*)
                0x0000000008001338                . = ALIGN (0x4)

.ARM.extab      0x0000000008001338        0x0
                0x0000000008001338                . = ALIGN (0x4)
 *(.ARM.extab* .gnu.linkonce.armextab.*)
                0x0000000008001338                . = ALIGN (0x4)

.ARM            0x0000000008001338        0x0
                0x0000000008001338                . = ALIGN (0x4)
                0x0000000008001338                __exidx_start = .
 *(.ARM.exidx*)
                0x0000000008001338                __exidx_end = .
                0x0000000008001338                . = ALIGN (0x4)

.preinit_array  0x0000000008001338        0x0
                0x0000000008001338                . = ALIGN (0x4)
                0x0000000008001338                PROVIDE (__preinit_array_start = .)
 *(.preinit_array*)
                0x0000000008001338                PROVIDE (__preinit_array_end = .)
                0x0000000008001338                . = ALIGN (0x4)

.init_array     0x0000000008001338        0x4
                0x0000000008001338                . = ALIGN (0x4)
                0x0000000008001338                PROVIDE (__init_array_start = .)
 *(SORT_BY_NAME(.init_array.*))
 *(.init_array*)
 .init_array    0x0000000008001338        0x4 d:/program files (x86)/stm32/stm32cubeide_1.9.0/stm32cubeide/plugins/com.st.stm32cube.ide.mcu.externaltools.gnu-tools-for-stm32.10.3-2021.10.win32_1.0.0.202111181127/tools/bin/../lib/gcc/arm-none-eabi/10.3.1/thumb/v7e-m+fp/hard/crtbegin.o
                0x000000000800133c                PROVIDE (__init_array_end = .)
                0x000000000800133c                . = ALIGN (0x4)

.fini_array     0x000000000800133c        0x4
                0x000000000800133c                . = ALIGN (0x4)
                [!provide]                        PROVIDE (__fini_array_start = .)
 *(SORT_BY_NAME(.fini_array.*))
 *(.fini_array*)
 .fini_array    0x000000000800133c        0x4 d:/program files (x86)/stm32/stm32cubeide_1.9.0/stm32cubeide/plugins/com.st.stm32cube.ide.mcu.externaltools.gnu-tools-for-stm32.10.3-2021.10.win32_1.0.0.202111181127/tools/bin/../lib/gcc/arm-none-eabi/10.3.1/thumb/v7e-m+fp/hard/crtbegin.o
                [!provide]                        PROVIDE (__fini_array_end = .)
                0x0000000008001340                . = ALIGN (0x4)
                0x0000000008001340                _sidata = LOADADDR (.data)

.data           0x0000000020000000        0x4 load address 0x0000000008001340
                0x0000000020000000                . = ALIGN (0x4)
                0x0000000020000000                _sdata = .
 *(.data)
 *(.data*)
 .data.uwTickFreq
                0x0000000020000000        0x1 ./Drivers/STM32F4xx_HAL_Driver/Src/stm32f4xx_hal.o
                0x0000000020000000                uwTickFreq
 *(.RamFunc)
 *(.RamFunc*)
                0x0000000020000004                . = ALIGN (0x4)
 *fill*         0x0000000020000001        0x3 
                0x0000000020000004                _edata = .

.igot.plt       0x0000000020000004        0x0 load address 0x0000000008001344
 .igot.plt      0x0000000020000004        0x0 d:/program files (x86)/stm32/stm32cubeide_1.9.0/stm32cubeide/plugins/com.st.stm32cube.ide.mcu.externaltools.gnu-tools-for-stm32.10.3-2021.10.win32_1.0.0.202111181127/tools/bin/../lib/gcc/arm-none-eabi/10.3.1/thumb/v7e-m+fp/hard/crtbegin.o
                0x0000000020000004                . = ALIGN (0x4)

.bss            0x0000000020000004       0x4c load address 0x0000000008001344
                0x0000000020000004                _sbss = .
                0x0000000020000004                __bss_start__ = _sbss
 *(.bss)
 .bss           0x0000000020000004       0x1c d:/program files (x86)/stm32/stm32cubeide_1.9.0/stm32cubeide/plugins/com.st.stm32cube.ide.mcu.externaltools.gnu-tools-for-stm32.10.3-2021.10.win32_1.0.0.202111181127/tools/bin/../lib/gcc/arm-none-eabi/10.3.1/thumb/v7e-m+fp/hard/crtbegin.o
 *(.bss*)
 .bss.Accel_X_RAW
                0x0000000020000020        0x2 ./Core/Src/main.o
                0x0000000020000020                Accel_X_RAW
 .bss.Accel_Y_RAW
                0x0000000020000022        0x2 ./Core/Src/main.o
                0x0000000020000022                Accel_Y_RAW
 .bss.Accel_Z_RAW
                0x0000000020000024        0x2 ./Core/Src/main.o
                0x0000000020000024                Accel_Z_RAW
 .bss.Gyro_X_RAW
                0x0000000020000026        0x2 ./Core/Src/main.o
                0x0000000020000026                Gyro_X_RAW
 .bss.Gyro_Y_RAW
                0x0000000020000028        0x2 ./Core/Src/main.o
                0x0000000020000028                Gyro_Y_RAW
 .bss.Gyro_Z_RAW
                0x000000002000002a        0x2 ./Core/Src/main.o
                0x000000002000002a                Gyro_Z_RAW
 .bss.Temperature_RAW
                0x000000002000002c        0x2 ./Core/Src/main.o
                0x000000002000002c                Temperature_RAW
 *fill*         0x000000002000002e        0x2 
 .bss.Ax        0x0000000020000030        0x4 ./Core/Src/main.o
                0x0000000020000030                Ax
 .bss.Ay        0x0000000020000034        0x4 ./Core/Src/main.o
                0x0000000020000034                Ay
 .bss.Az        0x0000000020000038        0x4 ./Core/Src/main.o
                0x0000000020000038                Az
 .bss.Gx        0x000000002000003c        0x4 ./Core/Src/main.o
                0x000000002000003c                Gx
 .bss.Gy        0x0000000020000040        0x4 ./Core/Src/main.o
                0x0000000020000040                Gy
 .bss.Gz        0x0000000020000044        0x4 ./Core/Src/main.o
                0x0000000020000044                Gz
 .bss.Temperature
                0x0000000020000048        0x4 ./Core/Src/main.o
                0x0000000020000048                Temperature
 .bss.uwTick    0x000000002000004c        0x4 ./Drivers/STM32F4xx_HAL_Driver/Src/stm32f4xx_hal.o
                0x000000002000004c                uwTick
 *(COMMON)
                0x0000000020000050                . = ALIGN (0x4)
                0x0000000020000050                _ebss = .
                0x0000000020000050                __bss_end__ = _ebss

._user_heap_stack
                0x0000000020000050      0x600 load address 0x0000000008001344
                0x0000000020000050                . = ALIGN (0x8)
                [!provide]                        PROVIDE (end = .)
                0x0000000020000050                PROVIDE (_end = .)
                0x0000000020000250                . = (. + _Min_Heap_Size)
 *fill*         0x0000000020000050      0x200 
                0x0000000020000650                . = (. + _Min_Stack_Size)
 *fill*         0x0000000020000250      0x400 
                0x0000000020000650                . = ALIGN (0x8)

/DISCARD/
 libc.a(*)
 libm.a(*)
 libgcc.a(*)

.ARM.attributes
                0x0000000000000000       0x30
 *(.ARM.attributes)
 .ARM.attributes
                0x0000000000000000       0x1e d:/program files (x86)/stm32/stm32cubeide_1.9.0/stm32cubeide/plugins/com.st.stm32cube.ide.mcu.externaltools.gnu-tools-for-stm32.10.3-2021.10.win32_1.0.0.202111181127/tools/bin/../lib/gcc/arm-none-eabi/10.3.1/thumb/v7e-m+fp/hard/crti.o
 .ARM.attributes
                0x000000000000001e       0x34 d:/program files (x86)/stm32/stm32cubeide_1.9.0/stm32cubeide/plugins/com.st.stm32cube.ide.mcu.externaltools.gnu-tools-for-stm32.10.3-2021.10.win32_1.0.0.202111181127/tools/bin/../lib/gcc/arm-none-eabi/10.3.1/thumb/v7e-m+fp/hard/crtbegin.o
 .ARM.attributes
                0x0000000000000052       0x34 ./Core/Src/main.o
 .ARM.attributes
                0x0000000000000086       0x34 ./Core/Src/stm32f4xx_it.o
 .ARM.attributes
                0x00000000000000ba       0x34 ./Core/Src/system_stm32f4xx.o
 .ARM.attributes
                0x00000000000000ee       0x21 ./Core/Startup/startup_stm32f411vetx.o
 .ARM.attributes
                0x000000000000010f       0x34 ./Drivers/STM32F4xx_HAL_Driver/Src/stm32f4xx_hal.o
 .ARM.attributes
                0x0000000000000143       0x34 d:/program files (x86)/stm32/stm32cubeide_1.9.0/stm32cubeide/plugins/com.st.stm32cube.ide.mcu.externaltools.gnu-tools-for-stm32.10.3-2021.10.win32_1.0.0.202111181127/tools/bin/../lib/gcc/arm-none-eabi/10.3.1/../../../../arm-none-eabi/lib/thumb/v7e-m+fp/hard\libc_nano.a(lib_a-init.o)
 .ARM.attributes
                0x0000000000000177       0x34 d:/program files (x86)/stm32/stm32cubeide_1.9.0/stm32cubeide/plugins/com.st.stm32cube.ide.mcu.externaltools.gnu-tools-for-stm32.10.3-2021.10.win32_1.0.0.202111181127/tools/bin/../lib/gcc/arm-none-eabi/10.3.1/../../../../arm-none-eabi/lib/thumb/v7e-m+fp/hard\libc_nano.a(lib_a-memset.o)
 .ARM.attributes
                0x00000000000001ab       0x1e d:/program files (x86)/stm32/stm32cubeide_1.9.0/stm32cubeide/plugins/com.st.stm32cube.ide.mcu.externaltools.gnu-tools-for-stm32.10.3-2021.10.win32_1.0.0.202111181127/tools/bin/../lib/gcc/arm-none-eabi/10.3.1/thumb/v7e-m+fp/hard\libgcc.a(_arm_addsubdf3.o)
 .ARM.attributes
                0x00000000000001c9       0x1e d:/program files (x86)/stm32/stm32cubeide_1.9.0/stm32cubeide/plugins/com.st.stm32cube.ide.mcu.externaltools.gnu-tools-for-stm32.10.3-2021.10.win32_1.0.0.202111181127/tools/bin/../lib/gcc/arm-none-eabi/10.3.1/thumb/v7e-m+fp/hard\libgcc.a(_arm_muldivdf3.o)
 .ARM.attributes
                0x00000000000001e7       0x1e d:/program files (x86)/stm32/stm32cubeide_1.9.0/stm32cubeide/plugins/com.st.stm32cube.ide.mcu.externaltools.gnu-tools-for-stm32.10.3-2021.10.win32_1.0.0.202111181127/tools/bin/../lib/gcc/arm-none-eabi/10.3.1/thumb/v7e-m+fp/hard\libgcc.a(_arm_truncdfsf2.o)
 .ARM.attributes
                0x0000000000000205       0x1e d:/program files (x86)/stm32/stm32cubeide_1.9.0/stm32cubeide/plugins/com.st.stm32cube.ide.mcu.externaltools.gnu-tools-for-stm32.10.3-2021.10.win32_1.0.0.202111181127/tools/bin/../lib/gcc/arm-none-eabi/10.3.1/thumb/v7e-m+fp/hard/crtn.o
OUTPUT(MPU9250_i2c_wo_hal.elf elf32-littlearm)
LOAD linker stubs
LOAD d:/program files (x86)/stm32/stm32cubeide_1.9.0/stm32cubeide/plugins/com.st.stm32cube.ide.mcu.externaltools.gnu-tools-for-stm32.10.3-2021.10.win32_1.0.0.202111181127/tools/bin/../lib/gcc/arm-none-eabi/10.3.1/../../../../arm-none-eabi/lib/thumb/v7e-m+fp/hard\libc.a
LOAD d:/program files (x86)/stm32/stm32cubeide_1.9.0/stm32cubeide/plugins/com.st.stm32cube.ide.mcu.externaltools.gnu-tools-for-stm32.10.3-2021.10.win32_1.0.0.202111181127/tools/bin/../lib/gcc/arm-none-eabi/10.3.1/../../../../arm-none-eabi/lib/thumb/v7e-m+fp/hard\libm.a
LOAD d:/program files (x86)/stm32/stm32cubeide_1.9.0/stm32cubeide/plugins/com.st.stm32cube.ide.mcu.externaltools.gnu-tools-for-stm32.10.3-2021.10.win32_1.0.0.202111181127/tools/bin/../lib/gcc/arm-none-eabi/10.3.1/thumb/v7e-m+fp/hard\libgcc.a

.debug_info     0x0000000000000000     0x1bf7
 .debug_info    0x0000000000000000      0xc58 ./Core/Src/main.o
 .debug_info    0x0000000000000c58      0x121 ./Core/Src/stm32f4xx_it.o
 .debug_info    0x0000000000000d79      0x54f ./Core/Src/system_stm32f4xx.o
 .debug_info    0x00000000000012c8       0x22 ./Core/Startup/startup_stm32f411vetx.o
 .debug_info    0x00000000000012ea      0x90d ./Drivers/STM32F4xx_HAL_Driver/Src/stm32f4xx_hal.o

.debug_abbrev   0x0000000000000000      0x5fe
 .debug_abbrev  0x0000000000000000      0x224 ./Core/Src/main.o
 .debug_abbrev  0x0000000000000224       0x74 ./Core/Src/stm32f4xx_it.o
 .debug_abbrev  0x0000000000000298      0x116 ./Core/Src/system_stm32f4xx.o
 .debug_abbrev  0x00000000000003ae       0x12 ./Core/Startup/startup_stm32f411vetx.o
 .debug_abbrev  0x00000000000003c0      0x23e ./Drivers/STM32F4xx_HAL_Driver/Src/stm32f4xx_hal.o

.debug_aranges  0x0000000000000000      0x248
 .debug_aranges
                0x0000000000000000       0xa8 ./Core/Src/main.o
 .debug_aranges
                0x00000000000000a8       0x60 ./Core/Src/stm32f4xx_it.o
 .debug_aranges
                0x0000000000000108       0x28 ./Core/Src/system_stm32f4xx.o
 .debug_aranges
                0x0000000000000130       0x28 ./Core/Startup/startup_stm32f411vetx.o
 .debug_aranges
                0x0000000000000158       0xf0 ./Drivers/STM32F4xx_HAL_Driver/Src/stm32f4xx_hal.o

.debug_ranges   0x0000000000000000      0x200
 .debug_ranges  0x0000000000000000       0x98 ./Core/Src/main.o
 .debug_ranges  0x0000000000000098       0x50 ./Core/Src/stm32f4xx_it.o
 .debug_ranges  0x00000000000000e8       0x18 ./Core/Src/system_stm32f4xx.o
 .debug_ranges  0x0000000000000100       0x20 ./Core/Startup/startup_stm32f411vetx.o
 .debug_ranges  0x0000000000000120       0xe0 ./Drivers/STM32F4xx_HAL_Driver/Src/stm32f4xx_hal.o

.debug_macro    0x0000000000000000    0x140db
 .debug_macro   0x0000000000000000      0x21a ./Core/Src/main.o
 .debug_macro   0x000000000000021a      0xa78 ./Core/Src/main.o
 .debug_macro   0x0000000000000c92      0x295 ./Core/Src/main.o
 .debug_macro   0x0000000000000f27       0x2e ./Core/Src/main.o
 .debug_macro   0x0000000000000f55       0x28 ./Core/Src/main.o
 .debug_macro   0x0000000000000f7d       0x22 ./Core/Src/main.o
 .debug_macro   0x0000000000000f9f       0x8e ./Core/Src/main.o
 .debug_macro   0x000000000000102d       0x51 ./Core/Src/main.o
 .debug_macro   0x000000000000107e      0x103 ./Core/Src/main.o
 .debug_macro   0x0000000000001181       0x6a ./Core/Src/main.o
 .debug_macro   0x00000000000011eb      0x1df ./Core/Src/main.o
 .debug_macro   0x00000000000013ca       0x1c ./Core/Src/main.o
 .debug_macro   0x00000000000013e6       0x22 ./Core/Src/main.o
 .debug_macro   0x0000000000001408       0xd9 ./Core/Src/main.o
 .debug_macro   0x00000000000014e1     0x102d ./Core/Src/main.o
 .debug_macro   0x000000000000250e      0x11f ./Core/Src/main.o
 .debug_macro   0x000000000000262d     0xb953 ./Core/Src/main.o
 .debug_macro   0x000000000000df80       0x6d ./Core/Src/main.o
 .debug_macro   0x000000000000dfed     0x367e ./Core/Src/main.o
 .debug_macro   0x000000000001166b      0x174 ./Core/Src/main.o
 .debug_macro   0x00000000000117df       0x5c ./Core/Src/main.o
 .debug_macro   0x000000000001183b      0x447 ./Core/Src/main.o
 .debug_macro   0x0000000000011c82      0x9fe ./Core/Src/main.o
 .debug_macro   0x0000000000012680      0x115 ./Core/Src/main.o
 .debug_macro   0x0000000000012795      0x11b ./Core/Src/main.o
 .debug_macro   0x00000000000128b0       0xa5 ./Core/Src/main.o
 .debug_macro   0x0000000000012955      0x15f ./Core/Src/main.o
 .debug_macro   0x0000000000012ab4      0x287 ./Core/Src/main.o
 .debug_macro   0x0000000000012d3b       0x5f ./Core/Src/main.o
 .debug_macro   0x0000000000012d9a      0x236 ./Core/Src/main.o
 .debug_macro   0x0000000000012fd0      0x132 ./Core/Src/main.o
 .debug_macro   0x0000000000013102      0x264 ./Core/Src/main.o
 .debug_macro   0x0000000000013366       0x2e ./Core/Src/main.o
 .debug_macro   0x0000000000013394      0x1b5 ./Core/Src/main.o
 .debug_macro   0x0000000000013549       0x22 ./Core/Src/main.o
 .debug_macro   0x000000000001356b       0xd6 ./Core/Src/main.o
 .debug_macro   0x0000000000013641      0x11a ./Core/Src/main.o
 .debug_macro   0x000000000001375b       0x85 ./Core/Src/main.o
 .debug_macro   0x00000000000137e0       0x89 ./Core/Src/main.o
 .debug_macro   0x0000000000013869      0x126 ./Core/Src/main.o
 .debug_macro   0x000000000001398f      0x178 ./Core/Src/main.o
 .debug_macro   0x0000000000013b07      0x1e2 ./Core/Src/stm32f4xx_it.o
 .debug_macro   0x0000000000013ce9      0x1c9 ./Core/Src/system_stm32f4xx.o
 .debug_macro   0x0000000000013eb2      0x229 ./Drivers/STM32F4xx_HAL_Driver/Src/stm32f4xx_hal.o

.debug_line     0x0000000000000000     0x2665
 .debug_line    0x0000000000000000      0xc2f ./Core/Src/main.o
 .debug_line    0x0000000000000c2f      0x7ee ./Core/Src/stm32f4xx_it.o
 .debug_line    0x000000000000141d      0x7ad ./Core/Src/system_stm32f4xx.o
 .debug_line    0x0000000000001bca       0x88 ./Core/Startup/startup_stm32f411vetx.o
 .debug_line    0x0000000000001c52      0xa13 ./Drivers/STM32F4xx_HAL_Driver/Src/stm32f4xx_hal.o

.debug_str      0x0000000000000000    0x8096f
 .debug_str     0x0000000000000000    0x7fd7f ./Core/Src/main.o
                                      0x80048 (size before relaxing)
 .debug_str     0x000000000007fd7f       0xc9 ./Core/Src/stm32f4xx_it.o
                                      0x7fb8f (size before relaxing)
 .debug_str     0x000000000007fe48       0xdb ./Core/Src/system_stm32f4xx.o
                                      0x7f6b6 (size before relaxing)
 .debug_str     0x000000000007ff23       0x36 ./Core/Startup/startup_stm32f411vetx.o
                                         0x76 (size before relaxing)
 .debug_str     0x000000000007ff59      0xa16 ./Drivers/STM32F4xx_HAL_Driver/Src/stm32f4xx_hal.o
                                      0x800e2 (size before relaxing)

.comment        0x0000000000000000       0x50
 .comment       0x0000000000000000       0x50 ./Core/Src/main.o
                                         0x51 (size before relaxing)
 .comment       0x0000000000000050       0x51 ./Core/Src/stm32f4xx_it.o
 .comment       0x0000000000000050       0x51 ./Core/Src/system_stm32f4xx.o
 .comment       0x0000000000000050       0x51 ./Drivers/STM32F4xx_HAL_Driver/Src/stm32f4xx_hal.o

.debug_frame    0x0000000000000000      0x8d4
 .debug_frame   0x0000000000000000      0x298 ./Core/Src/main.o
 .debug_frame   0x0000000000000298      0x104 ./Core/Src/stm32f4xx_it.o
 .debug_frame   0x000000000000039c       0x58 ./Core/Src/system_stm32f4xx.o
 .debug_frame   0x00000000000003f4      0x374 ./Drivers/STM32F4xx_HAL_Driver/Src/stm32f4xx_hal.o
 .debug_frame   0x0000000000000768       0x2c d:/program files (x86)/stm32/stm32cubeide_1.9.0/stm32cubeide/plugins/com.st.stm32cube.ide.mcu.externaltools.gnu-tools-for-stm32.10.3-2021.10.win32_1.0.0.202111181127/tools/bin/../lib/gcc/arm-none-eabi/10.3.1/../../../../arm-none-eabi/lib/thumb/v7e-m+fp/hard\libc_nano.a(lib_a-init.o)
 .debug_frame   0x0000000000000794       0x20 d:/program files (x86)/stm32/stm32cubeide_1.9.0/stm32cubeide/plugins/com.st.stm32cube.ide.mcu.externaltools.gnu-tools-for-stm32.10.3-2021.10.win32_1.0.0.202111181127/tools/bin/../lib/gcc/arm-none-eabi/10.3.1/../../../../arm-none-eabi/lib/thumb/v7e-m+fp/hard\libc_nano.a(lib_a-memset.o)
 .debug_frame   0x00000000000007b4       0xac d:/program files (x86)/stm32/stm32cubeide_1.9.0/stm32cubeide/plugins/com.st.stm32cube.ide.mcu.externaltools.gnu-tools-for-stm32.10.3-2021.10.win32_1.0.0.202111181127/tools/bin/../lib/gcc/arm-none-eabi/10.3.1/thumb/v7e-m+fp/hard\libgcc.a(_arm_addsubdf3.o)
 .debug_frame   0x0000000000000860       0x50 d:/program files (x86)/stm32/stm32cubeide_1.9.0/stm32cubeide/plugins/com.st.stm32cube.ide.mcu.externaltools.gnu-tools-for-stm32.10.3-2021.10.win32_1.0.0.202111181127/tools/bin/../lib/gcc/arm-none-eabi/10.3.1/thumb/v7e-m+fp/hard\libgcc.a(_arm_muldivdf3.o)
 .debug_frame   0x00000000000008b0       0x24 d:/program files (x86)/stm32/stm32cubeide_1.9.0/stm32cubeide/plugins/com.st.stm32cube.ide.mcu.externaltools.gnu-tools-for-stm32.10.3-2021.10.win32_1.0.0.202111181127/tools/bin/../lib/gcc/arm-none-eabi/10.3.1/thumb/v7e-m+fp/hard\libgcc.a(_arm_truncdfsf2.o)
